2022-02-06 16:50:02.712825+0000 0x7415     Default     0x31e6               6024   0    locationd: [com.apple.locationd.Utility:Database] {"msg":"initUUID", "path":/var/folders/zz/zyxvpxvq6csfxvn_n00000sm00006d/C/locationd/consolidated.db, "uuid":<private>}
2022-02-06 16:50:02.712959+0000 0x7413     Activity    0x31f2               6024   0    locationd: (LocationSupport) CL: #Manufacturing service
2022-02-06 16:50:02.713019+0000 0x7413     Default     0x31f2               6024   0    locationd: (LocationSupport) [com.apple.LocationSupport:Intersilo] {"msg":"#Manufacturing service", "event":activity, "RequestedServiceName":CLSimulatedLocationProvider, "EffectiveServiceName":CLSimulatedLocationProvider}
2022-02-06 16:50:02.713186+0000 0x7415     Default     0x31e6               6024   0    locationd: [com.apple.locationd.Utility:Database] {"msg":"getColumnInfo", "table":<private>, "name":MonitorFlags, "isFound":1}
2022-02-06 16:50:02.713205+0000 0x7412     Default     0x31f2               6024   0    locationd: (LocationSupport) [com.apple.LocationSupport:Intersilo] {"msg":"#Manufacturing service complete", "EffectiveServiceName":CLSimulatedLocationProvider}
2022-02-06 16:50:02.713219+0000 0x7415     Default     0x31e6               6024   0    locationd: [com.apple.locationd.Utility:Database] {"msg":"createTableIfNecessary", "table":<private>, "specificToSerialNumber":0}
2022-02-06 16:50:02.713305+0000 0x7413     Activity    0x31f3               6024   0    locationd: (LocationSupport) CL: #Manufacturing service
2022-02-06 16:50:02.713336+0000 0x7413     Default     0x31f3               6024   0    locationd: (LocationSupport) [com.apple.LocationSupport:Intersilo] {"msg":"#Manufacturing service", "event":activity, "RequestedServiceName":CLWifiLocationProvider, "EffectiveServiceName":CLWifiLocationProvider}
2022-02-06 16:50:02.713592+0000 0x7419     Default     0x31ee               6024   0    locationd: [com.apple.locationd.Position:Position] TILE: creating directory, <private>, ret, <private>
2022-02-06 16:50:02.713613+0000 0x7419     Default     0x31ee               6024   0    locationd: [com.apple.locationd.Position:Position] TILE: initialize, <private>, tileSets
2022-02-06 16:50:02.713655+0000 0x7419     Default     0x31ee               6024   0    locationd: [com.apple.locationd.Position:Position] TILE: creating directory, <private>, ret, <private>
2022-02-06 16:50:02.713793+0000 0x7419     Default     0x31ee               6024   0    locationd: [com.apple.locationd.Position:Position] TILE: creating directory, <private>, ret, <private>
2022-02-06 16:50:02.713819+0000 0x7419     Default     0x31ee               6024   0    locationd: [com.apple.locationd.Position:Position] TILE: mkdir, <private>, ret, <private>
2022-02-06 16:50:02.713854+0000 0x7419     Default     0x31ee               6024   0    locationd: [com.apple.locationd.Position:Position] TILE: creating directory, <private>, ret, <private>
2022-02-06 16:50:02.713966+0000 0x7412     Activity    0x31f4               6024   0    locationd: (LocationSupport) CL: #Manufacturing service
2022-02-06 16:50:02.713974+0000 0x7412     Default     0x31f4               6024   0    locationd: (LocationSupport) [com.apple.LocationSupport:Intersilo] {"msg":"#Manufacturing service", "event":activity, "RequestedServiceName":CLNetworkLocationProvider, "EffectiveServiceName":CLNetworkLocationProvider}
2022-02-06 16:50:02.714010+0000 0x7419     Default     0x31ee               6024   0    locationd: [com.apple.locationd.Position:Position] TILE: creating directory, <private>, ret, <private>
2022-02-06 16:50:02.714082+0000 0x7419     Default     0x31ee               6024   0    locationd: [com.apple.locationd.Position:Position] TILE: creating directory, <private>, ret, <private>
2022-02-06 16:50:02.714118+0000 0x7419     Default     0x31ee               6024   0    locationd: [com.apple.locationd.Position:Position] TILE: creating directory, <private>, ret, <private>
2022-02-06 16:50:02.714151+0000 0x7419     Default     0x31ee               6024   0    locationd: [com.apple.locationd.Position:Position] TILE: creating directory, <private>, ret, <private>
2022-02-06 16:50:02.714198+0000 0x7412     Default     0x31f3               6024   0    locationd: (LocationSupport) [com.apple.LocationSupport:Intersilo] {"msg":"#Manufacturing service complete", "EffectiveServiceName":CLWifiLocationProvider}
2022-02-06 16:50:02.714297+0000 0x7413     Default     0x31e4               6024   0    locationd: (LocationSupport) [com.apple.LocationSupport:Intersilo] {"msg":"#Manufacturing service complete", "EffectiveServiceName":CLLocationController}
2022-02-06 16:50:02.714408+0000 0x7413     Activity    0x31f5               6024   0    locationd: CL: CLLocationController::onStatusNotification
2022-02-06 16:50:02.714365+0000 0x7419     Default     0x31ee               6024   0    locationd: [com.apple.locationd.Position:Position] TILE: creating directory, <private>, ret, <private>
2022-02-06 16:50:02.714423+0000 0x7413     Default     0x31f5               6024   0    locationd: [com.apple.locationd.Position:GeneralCLX] @ClxEvent, NoReach, 0, delta, -1.0
2022-02-06 16:50:02.714450+0000 0x7413     Activity    0x31f6               6024   0    locationd: CL: CLLocationController::onDataProtectionNotification
2022-02-06 16:50:02.714451+0000 0x741a     Default     0x31f4               6024   0    locationd: [com.apple.locationd.Position:GeneralCLX] AlsInit, server, <private>, override, 0, timeout, 10, log request/response, 0, 0
2022-02-06 16:50:02.714542+0000 0x7413     Default     0x31f6               6024   0    locationd: [com.apple.locationd.Position:GeneralCLX] @ClxEvent, Locked, 0, delta, -1.0
2022-02-06 16:50:02.714577+0000 0x7419     Default     0x31ee               6024   0    locationd: [com.apple.locationd.Position:Position] TILE: creating directory, <private>, ret, <private>
2022-02-06 16:50:02.714693+0000 0x7419     Default     0x31ee               6024   0    locationd: [com.apple.locationd.Position:Position] TILE: creating directory, <private>, ret, <private>
2022-02-06 16:50:02.714832+0000 0x7419     Default     0x31ee               6024   0    locationd: [com.apple.locationd.Position:Position] TILE: creating directory, <private>, ret, <private>
2022-02-06 16:50:02.714887+0000 0x7419     Default     0x31ee               6024   0    locationd: [com.apple.locationd.Position:Position] TILE: creating directory, <private>, ret, <private>
2022-02-06 16:50:02.714908+0000 0x7419     Default     0x31ee               6024   0    locationd: [com.apple.locationd.Position:Position] #Warning TILE: TilesManager is not available on this platform
2022-02-06 16:50:02.714926+0000 0x7419     Default     0x31ee               6024   0    locationd: [com.apple.locationd.Position:Position] TILE: removeAllTiles, start, name, <private>, size, <private>, downloadSize, <private>
2022-02-06 16:50:02.714947+0000 0x7419     Default     0x31ee               6024   0    locationd: [com.apple.locationd.Position:Position] TILE: removeAllTiles, cleaning map, <private>, <private>
2022-02-06 16:50:02.714980+0000 0x7419     Default     0x31ee               6024   0    locationd: [com.apple.locationd.Position:Position] TILE: removeAllTiles, end, name, <private>, size, <private>, unprot size, <private>, downloadSize, <private>
2022-02-06 16:50:02.715003+0000 0x7419     Default     0x31ee               6024   0    locationd: [com.apple.locationd.Position:Position] TILE: removeAllTiles, start, name, <private>, size, <private>, downloadSize, <private>
2022-02-06 16:50:02.715022+0000 0x7419     Default     0x31ee               6024   0    locationd: [com.apple.locationd.Position:Position] TILE: removeAllTiles, cleaning map, <private>, <private>
2022-02-06 16:50:02.715041+0000 0x7419     Default     0x31ee               6024   0    locationd: [com.apple.locationd.Position:Position] TILE: removeAllTiles, end, name, <private>, size, <private>, unprot size, <private>, downloadSize, <private>
2022-02-06 16:50:02.715058+0000 0x7419     Default     0x31ee               6024   0    locationd: [com.apple.locationd.Position:Position] TILE: removeAllTiles, start, name, <private>, size, <private>, downloadSize, <private>
2022-02-06 16:50:02.715074+0000 0x7419     Default     0x31ee               6024   0    locationd: [com.apple.locationd.Position:Position] TILE: removeAllTiles, cleaning map, <private>, <private>
2022-02-06 16:50:02.715090+0000 0x7419     Default     0x31ee               6024   0    locationd: [com.apple.locationd.Position:Position] TILE: removeAllTiles, end, name, <private>, size, <private>, unprot size, <private>, downloadSize, <private>
2022-02-06 16:50:02.715108+0000 0x7419     Default     0x31ee               6024   0    locationd: [com.apple.locationd.Position:Position] TILE: removeAllTiles, start, name, <private>, size, <private>, downloadSize, <private>
2022-02-06 16:50:02.715125+0000 0x7419     Default     0x31ee               6024   0    locationd: [com.apple.locationd.Position:Position] TILE: removeAllTiles, cleaning map, <private>, <private>
2022-02-06 16:50:02.715141+0000 0x7419     Default     0x31ee               6024   0    locationd: [com.apple.locationd.Position:Position] TILE: removeAllTiles, end, name, <private>, size, <private>, unprot size, <private>, downloadSize, <private>
2022-02-06 16:50:02.715158+0000 0x7419     Default     0x31ee               6024   0    locationd: [com.apple.locationd.Position:Position] TILE: removeAllTiles, start, name, <private>, size, <private>, downloadSize, <private>
2022-02-06 16:50:02.715173+0000 0x7419     Default     0x31ee               6024   0    locationd: [com.apple.locationd.Position:Position] TILE: removeAllTiles, cleaning map, <private>, <private>
2022-02-06 16:50:02.715188+0000 0x7419     Default     0x31ee               6024   0    locationd: [com.apple.locationd.Position:Position] TILE: removeAllTiles, end, name, <private>, size, <private>, unprot size, <private>, downloadSize, <private>
2022-02-06 16:50:02.715282+0000 0x7419     Default     0x31ee               6024   0    locationd: [com.apple.locationd.Position:Position] TILE: removeAllTiles, start, name, <private>, size, <private>, downloadSize, <private>
2022-02-06 16:50:02.715302+0000 0x7419     Default     0x31ee               6024   0    locationd: [com.apple.locationd.Position:Position] TILE: removeAllTiles, cleaning map, <private>, <private>
2022-02-06 16:50:02.715320+0000 0x7419     Default     0x31ee               6024   0    locationd: [com.apple.locationd.Position:Position] TILE: removeAllTiles, end, name, <private>, size, <private>, unprot size, <private>, downloadSize, <private>
2022-02-06 16:50:02.715338+0000 0x7419     Default     0x31ee               6024   0    locationd: [com.apple.locationd.Position:Position] TILE: removeAllTiles, start, name, <private>, size, <private>, downloadSize, <private>
2022-02-06 16:50:02.715356+0000 0x7419     Default     0x31ee               6024   0    locationd: [com.apple.locationd.Position:Position] TILE: removeAllTiles, cleaning map, <private>, <private>
2022-02-06 16:50:02.715372+0000 0x7419     Default     0x31ee               6024   0    locationd: [com.apple.locationd.Position:Position] TILE: removeAllTiles, end, name, <private>, size, <private>, unprot size, <private>, downloadSize, <private>
2022-02-06 16:50:02.715389+0000 0x7419     Default     0x31ee               6024   0    locationd: [com.apple.locationd.Position:Position] TILE: removeAllTiles, start, name, <private>, size, <private>, downloadSize, <private>
2022-02-06 16:50:02.715406+0000 0x7419     Default     0x31ee               6024   0    locationd: [com.apple.locationd.Position:Position] TILE: removeAllTiles, cleaning map, <private>, <private>
2022-02-06 16:50:02.715497+0000 0x7419     Default     0x31ee               6024   0    locationd: [com.apple.locationd.Position:Position] TILE: removeAllTiles, end, name, <private>, size, <private>, unprot size, <private>, downloadSize, <private>
2022-02-06 16:50:02.715518+0000 0x7419     Default     0x31ee               6024   0    locationd: [com.apple.locationd.Position:Position] TILE: removeAllTiles, start, name, <private>, size, <private>, downloadSize, <private>
2022-02-06 16:50:02.715538+0000 0x7419     Default     0x31ee               6024   0    locationd: [com.apple.locationd.Position:Position] TILE: removeAllTiles, cleaning map, <private>, <private>
2022-02-06 16:50:02.714924+0000 0x741a     Default     0x31f4               6024   0    locationd: (LocationSupport) [com.apple.LocationSupport:Intersilo] {"msg":"#Manufacturing service complete", "EffectiveServiceName":CLNetworkLocationProvider}
2022-02-06 16:50:02.715579+0000 0x741a     Activity    0x31f7               6024   0    locationd: CL: CLNetworkLocationProvider::onStatusNotification
2022-02-06 16:50:02.715556+0000 0x7419     Default     0x31ee               6024   0    locationd: [com.apple.locationd.Position:Position] TILE: removeAllTiles, end, name, <private>, size, <private>, unprot size, <private>, downloadSize, <private>
2022-02-06 16:50:02.715616+0000 0x741a     Default     0x31f7               6024   0    locationd: [com.apple.locationd.Position:GeneralCLX] Network, kNotificationReachability, from, 0, to, 2
2022-02-06 16:50:02.715656+0000 0x7419     Default     0x31ee               6024   0    locationd: [com.apple.locationd.Position:Position] TILE: removeAllTiles, start, name, <private>, size, <private>, downloadSize, <private>
2022-02-06 16:50:02.715696+0000 0x7419     Default     0x31ee               6024   0    locationd: [com.apple.locationd.Position:Position] TILE: removeAllTiles, cleaning map, <private>, <private>
2022-02-06 16:50:02.715774+0000 0x7419     Default     0x31ee               6024   0    locationd: [com.apple.locationd.Position:Position] TILE: removeAllTiles, end, name, <private>, size, <private>, unprot size, <private>, downloadSize, <private>
2022-02-06 16:50:02.715870+0000 0x7419     Default     0x31ee               6024   0    locationd: [com.apple.locationd.Position:Position] TILE: removeAllTiles, start, name, <private>, size, <private>, downloadSize, <private>
2022-02-06 16:50:02.715932+0000 0x7419     Default     0x31ee               6024   0    locationd: [com.apple.locationd.Position:Position] TILE: removeAllTiles, cleaning map, <private>, <private>
2022-02-06 16:50:02.715979+0000 0x7419     Default     0x31ee               6024   0    locationd: [com.apple.locationd.Position:Position] TILE: removeAllTiles, end, name, <private>, size, <private>, unprot size, <private>, downloadSize, <private>
2022-02-06 16:50:02.716028+0000 0x7419     Default     0x31ee               6024   0    locationd: [com.apple.locationd.Position:Position] TILE: removeAllTiles, start, name, <private>, size, <private>, downloadSize, <private>
2022-02-06 16:50:02.716076+0000 0x7419     Default     0x31ee               6024   0    locationd: [com.apple.locationd.Position:Position] TILE: removeAllTiles, cleaning map, <private>, <private>
2022-02-06 16:50:02.716136+0000 0x7419     Default     0x31ee               6024   0    locationd: [com.apple.locationd.Position:Position] TILE: removeAllTiles, end, name, <private>, size, <private>, unprot size, <private>, downloadSize, <private>
2022-02-06 16:50:02.716211+0000 0x7419     Default     0x31ee               6024   0    locationd: [com.apple.locationd.Position:Position] TILE: removeAllTiles, start, name, <private>, size, <private>, downloadSize, <private>
2022-02-06 16:50:02.716229+0000 0x7419     Default     0x31ee               6024   0    locationd: [com.apple.locationd.Position:Position] TILE: removeAllTiles, cleaning map, <private>, <private>
2022-02-06 16:50:02.716327+0000 0x7419     Default     0x31ee               6024   0    locationd: [com.apple.locationd.Position:Position] TILE: removeAllTiles, end, name, <private>, size, <private>, unprot size, <private>, downloadSize, <private>
2022-02-06 16:50:02.716348+0000 0x7419     Default     0x31ee               6024   0    locationd: (LocationSupport) [com.apple.LocationSupport:Intersilo] {"msg":"#Manufacturing service complete", "EffectiveServiceName":CLTilesManager}
2022-02-06 16:50:02.716936+0000 0x741d     Default     0x31ef               6024   0    locationd: (CoreWLAN) _getIfListCopy/   410: Added 'IFM_IEEE80211' supported interface '<private>'
2022-02-06 16:50:02.716967+0000 0x741d     Default     0x31ef               6024   0    locationd: (CoreWLAN) _getIfListCopy/   410: Added 'IFM_IEEE80211' supported interface '<private>'
2022-02-06 16:50:02.716997+0000 0x741d     Default     0x31ef               6024   0    locationd: (CoreWLAN) _getIfListCopy/   421: getifaddrs nInterfaces[ 21], count[  3]
2022-02-06 16:50:02.717034+0000 0x740f     Error       0x31e3               6024   0    locationd: [com.apple.locationd.Motion:Gyro] Cannot get gyro-interrupt-calibration property
2022-02-06 16:50:02.717070+0000 0x740f     Activity    0x31f8               6024   0    locationd: (LocationSupport) CL: #Manufacturing service
2022-02-06 16:50:02.717077+0000 0x740f     Default     0x31f8               6024   0    locationd: (LocationSupport) [com.apple.LocationSupport:Intersilo] {"msg":"#Manufacturing service", "event":activity, "RequestedServiceName":CLGyroCalibrationDatabase, "EffectiveServiceName":CLGyroCalibrationDatabaseLocationd}
2022-02-06 16:50:02.717086+0000 0x741d     Default     0x31ef               6024   0    locationd: (CoreWLAN) _getIfListCopy/   410: Added 'IFM_IEEE80211' supported interface '<private>'
2022-02-06 16:50:02.717259+0000 0x741d     Default     0x31ef               6024   0    locationd: (CoreWLAN) _getIfListCopy/   410: Added 'IFM_IEEE80211' supported interface '<private>'
2022-02-06 16:50:02.717283+0000 0x741d     Default     0x31ef               6024   0    locationd: (CoreWLAN) _getIfListCopy/   410: Added 'IFM_IEEE80211' supported interface '<private>'
2022-02-06 16:50:02.717313+0000 0x740f     Activity    0x31f9               6024   0    locationd: (LocationSupport) CL: #Manufacturing service
2022-02-06 16:50:02.717288+0000 0x7419     Default     0x31f8               6024   0    locationd: [com.apple.locationd.Motion:Gyro] Creating GyroCalibrationDatabaseLocal with isNonUI,0, enableGyroNonlinearCalibration,1, enableGyroLinearCalibration,0,enableGyroMultiRunCalibration,1, gyroNonlinearity,0, gyroMultiRunCalibration,0
2022-02-06 16:50:02.717347+0000 0x740f     Default     0x31f9               6024   0    locationd: (LocationSupport) [com.apple.LocationSupport:Intersilo] {"msg":"#Manufacturing service", "event":activity, "RequestedServiceName":CLSimulationController, "EffectiveServiceName":CLSimulationController}
2022-02-06 16:50:02.717443+0000 0x7419     Default     0x31f8               6024   0    locationd: [com.apple.locationd.Motion:Gyro] No gyroCal database file set in preferences. Using the default database.
2022-02-06 16:50:02.717529+0000 0x740f     Activity    0x31fa               6024   0    locationd: (LocationSupport) CL: #Manufacturing service
2022-02-06 16:50:02.717535+0000 0x740f     Default     0x31fa               6024   0    locationd: (LocationSupport) [com.apple.LocationSupport:Intersilo] {"msg":"#Manufacturing service", "event":activity, "RequestedServiceName":CLRoutineMonitor, "EffectiveServiceName":CLRoutineMonitor}
2022-02-06 16:50:02.717624+0000 0x740f     Activity    0x31fb               6024   0    locationd: (LocationSupport) CL: #Manufacturing service
2022-02-06 16:50:02.717631+0000 0x740f     Default     0x31fb               6024   0    locationd: (LocationSupport) [com.apple.LocationSupport:Intersilo] {"msg":"#Manufacturing service", "event":activity, "RequestedServiceName":CLInternalService, "EffectiveServiceName":CLInternalService}
2022-02-06 16:50:02.717688+0000 0x740f     Activity    0x31fc               6024   0    locationd: CL: startRun
2022-02-06 16:50:02.717700+0000 0x740f     Default     0x31fc               6024   0    locationd: [com.apple.locationd.Core:Core] {"msg":"startRun", "event":activity}
2022-02-06 16:50:02.717837+0000 0x740f     Activity    0x31fd               6024   0    locationd: CL: CLLocationController::sendTechStatusNotification
2022-02-06 16:50:02.717466+0000 0x741e     Default     0x31f9               6024   0    locationd: [com.apple.locationd.Core:Simulation] {"msg":"Beginning Simulation Service"}
2022-02-06 16:50:02.717307+0000 0x741d     Default     0x31ef               6024   0    locationd: (CoreWLAN) _getIfListCopy/   421: getifaddrs nInterfaces[ 21], count[  3]
2022-02-06 16:50:02.717860+0000 0x740f     Default     0x31fd               6024   0    locationd: [com.apple.locationd.Position:Position] #techstatus,posting notification
2022-02-06 16:50:02.717956+0000 0x7413     Default     0x31fb               6024   0    locationd: [com.apple.locationd.Core:Client] #Spi, beginService
2022-02-06 16:50:02.718105+0000 0x7413     Default     0x31fb               6024   0    locationd: (LocationSupport) [com.apple.LocationSupport:Intersilo] {"msg":"#Manufacturing service complete", "EffectiveServiceName":CLInternalService}
2022-02-06 16:50:02.718175+0000 0x7412     Activity    0x31fe               6024   0    locationd: (libsystem_trace.dylib) Activity for state dumps
2022-02-06 16:50:02.717818+0000 0x7412     Fault       0x31fe               6024   0    locationd: [com.apple.locationd.Core:Core] #BLP bundle path does not exist, /System/Library/LocationBundles/Routine.bundle
2022-02-06 16:50:02.718300+0000 0x741e     Default     0x31f9               6024   0    locationd: [com.apple.locationd.Core:Simulation] {"msg":"Do we have a listener?", "listtner":<NSXPCListener: 0x6000006ac3c0> service: com.apple.locationd.simulation}
2022-02-06 16:50:02.718334+0000 0x7412     Default     0x31fa               6024   0    locationd: (LocationSupport) [com.apple.LocationSupport:Intersilo] {"msg":"#Manufacturing service complete", "EffectiveServiceName":CLRoutineMonitor}
2022-02-06 16:50:02.718447+0000 0x741e     Default     0x31f9               6024   0    locationd: (LocationSupport) [com.apple.LocationSupport:Intersilo] {"msg":"#Manufacturing service complete", "EffectiveServiceName":CLSimulationController}
2022-02-06 16:50:02.718470+0000 0x7412     Activity    0x31ff               6024   0    locationd: (libsystem_trace.dylib) Activity for state dumps
2022-02-06 16:50:02.718382+0000 0x7419     Error       0x31f8               6024   0    locationd: (libsqlite3.dylib) [com.apple.libsqlite3:logging] volume does not support data protection, stripping SQLITE_OPEN_FILEPROTECTION_* flags
2022-02-06 16:50:02.718457+0000 0x7412     Fault       0x31ff               6024   0    locationd: [com.apple.locationd.Legacy:Generic_deprecated] BLP: Need a bundle path or a bundle identifier.
2022-02-06 16:50:02.718585+0000 0x7413     Default     0x2a1e               6024   0    locationd: [com.apple.locationd.Core:Client] #Spi, New connection by process id <private> resumed
2022-02-06 16:50:02.718679+0000 0x7419     Default     0x31f8               6024   0    locationd: [com.apple.locationd.Utility:Database] {"msg":"openDatabase", "rc":'00 00 00 00', "path":/var/folders/zz/zyxvpxvq6csfxvn_n00000sm00006d/C/locationd/gyroCal.db}
2022-02-06 16:50:02.718731+0000 0x7419     Error       0x31f8               6024   0    locationd: (libsqlite3.dylib) [com.apple.libsqlite3:logging] volume does not support data protection, stripping SQLITE_OPEN_FILEPROTECTION_* flags
2022-02-06 16:50:02.719639+0000 0x741d     Default     0x31ef               6024   0    locationd: [com.apple.locationd.Position:GeneralCLX] WifiService, initial power, 0
2022-02-06 16:50:02.720049+0000 0x7419     Default     0x31f8               6024   0    locationd: [com.apple.locationd.Utility:Database] {"msg":"setIncrementalVacuumEnabled", "enabled":1, "rc":'00 00 00 00'}
2022-02-06 16:50:02.721199+0000 0x7419     Default     0x31f8               6024   0    locationd: [com.apple.locationd.Utility:Database] {"msg":"createTableIfNecessary", "table":<private>, "specificToSerialNumber":0}
2022-02-06 16:50:02.721517+0000 0x738b     Default     0x0                  180    0    recoveryos_agent: (SystemConfiguration) [com.apple.SystemConfiguration:SCPreferences] os_boot_mode_query failed
2022-02-06 16:50:02.721523+0000 0x741d     Default     0x31ef               6024   0    locationd: [com.apple.locationd.Position:GeneralCLX] WifiService, initial associated, 0, mac, <private>
2022-02-06 16:50:02.721597+0000 0x738b     Default     0x0                  180    0    recoveryos_agent: (SystemConfiguration) [com.apple.SystemConfiguration:SCPreferences] os_boot_mode_query failed
2022-02-06 16:50:02.721789+0000 0x738b     Default     0x0                  180    0    recoveryos_agent: (SystemConfiguration) [com.apple.SystemConfiguration:SCPreferences] os_boot_mode_query failed
2022-02-06 16:50:02.721597+0000 0x741d     Default     0x31ef               6024   0    locationd: (LocationSupport) [com.apple.LocationSupport:Intersilo] {"msg":"#Manufacturing service complete", "EffectiveServiceName":CLWifiService}
2022-02-06 16:50:02.721885+0000 0x738b     Default     0x0                  180    0    recoveryos_agent: (SystemConfiguration) [com.apple.SystemConfiguration:SCPreferences] os_boot_mode_query failed
2022-02-06 16:50:02.721943+0000 0x7412     Default     0x31e6               6024   0    locationd: [com.apple.locationd.Position:GeneralCLX] WifiService, notification 8 currently unsupported for mac, #Warning
2022-02-06 16:50:02.721990+0000 0x7412     Default     0x31e6               6024   0    locationd: [com.apple.locationd.Position:GeneralCLX] WifiService, notification 9 currently unsupported for mac, #Warning
2022-02-06 16:50:02.722013+0000 0x7417     Default     0x31e8               6024   0    locationd: [com.apple.locationd.Core:Core] {"msg":"removing client entry", "client":com.apple.locationd.bundle-/System/Library/PrivateFrameworks/iAdCore.framework}
2022-02-06 16:50:02.722042+0000 0x7412     Default     0x31e6               6024   0    locationd: [com.apple.locationd.Position:GeneralCLX] WifiService, notification 10 currently unsupported for mac, #Warning
2022-02-06 16:50:02.722158+0000 0x7412     Default     0x31e6               6024   0    locationd: [com.apple.locationd.Position:GeneralCLX] WifiService, notification 11 currently unsupported for mac, #Warning
2022-02-06 16:50:02.722306+0000 0x7412     Default     0x31e6               6024   0    locationd: [com.apple.locationd.Position:GeneralCLX] WifiService, notification 4 currently unsupported for mac, #Warning
2022-02-06 16:50:02.722156+0000 0x741d     Activity    0x3200               6024   0    locationd: CL: CLLocationController::onWifiServiceNotification
2022-02-06 16:50:02.722496+0000 0x741d     Default     0x3200               6024   0    locationd: [com.apple.locationd.Position:GeneralCLX] @ClxEvent, Unassociated, 1, delta, -1.0
2022-02-06 16:50:02.722565+0000 0x741d     Activity    0x3201               6024   0    locationd: CL: CLLocationController::onWifiServiceNotification
2022-02-06 16:50:02.722733+0000 0x741d     Default     0x3201               6024   0    locationd: [com.apple.locationd.Position:GeneralCLX] @ClxEvent, WifiOff, 1, delta, -1.0
2022-02-06 16:50:02.722986+0000 0x7419     Default     0x31f8               6024   0    locationd: [com.apple.locationd.Utility:Database] {"msg":"initUUID", "path":/var/folders/zz/zyxvpxvq6csfxvn_n00000sm00006d/C/locationd/gyroCal.db, "uuid":<private>}
2022-02-06 16:50:02.723300+0000 0x741d     Activity    0x3202               6024   0    locationd: CL: CLWifiLocationProvider::onWifiNotification
2022-02-06 16:50:02.723281+0000 0x7412     Default     0x31f3               6024   0    locationd: [com.apple.locationd.Position:GeneralCLX] WifiService, notification 5 currently unsupported for mac, #Warning
2022-02-06 16:50:02.723469+0000 0x738b     Default     0x0                  180    0    recoveryos_agent: (SystemConfiguration) [com.apple.SystemConfiguration:SCPreferences] os_boot_mode_query failed
2022-02-06 16:50:02.723346+0000 0x741d     Default     0x3202               6024   0    locationd: [com.apple.locationd.Position:WifiPosition] WifiFlow, scanreply, warn, ToggleOff
2022-02-06 16:50:02.723565+0000 0x7417     Error       0x31e8               6024   0    locationd: [com.apple.locationd.Legacy:Generic_deprecated] Could not write data to disk /var/db/locationd/clients.plist, Error Domain=NSCocoaErrorDomain Code=4 "The folder clients.plist doesnt exist." UserInfo={NSURL=file:///var/db/locationd/clients.plist, NSUserStringVariant=Folder, NSUnderlyingError=0x600001d918f0 {Error Domain=NSPOSIXErrorDomain Code=2 "No such file or directory"}}
2022-02-06 16:50:02.723619+0000 0x741d     Activity    0x3203               6024   0    locationd: CL: CLWifiLocationProvider::onWifiNotification
2022-02-06 16:50:02.723895+0000 0x741d     Default     0x3203               6024   0    locationd: [com.apple.locationd.Position:WifiPosition] WifiFlow, scanreply, warn, ToggleOff
2022-02-06 16:50:02.723904+0000 0x738b     Default     0x0                  180    0    recoveryos_agent: (SystemConfiguration) [com.apple.SystemConfiguration:SCPreferences] os_boot_mode_query failed
2022-02-06 16:50:02.723485+0000 0x7412     Default     0x31f3               6024   0    locationd: [com.apple.locationd.Position:GeneralCLX] WifiService, notification 2 currently unsupported for mac, #Warning
2022-02-06 16:50:02.724046+0000 0x738b     Default     0x0                  180    0    recoveryos_agent: (SystemConfiguration) [com.apple.SystemConfiguration:SCPreferences] os_boot_mode_query failed
2022-02-06 16:50:02.724205+0000 0x738b     Default     0x0                  180    0    recoveryos_agent: (SystemConfiguration) [com.apple.SystemConfiguration:SCPreferences] os_boot_mode_query failed
2022-02-06 16:50:02.724251+0000 0x7417     Default     0x31e8               6024   0    locationd: [com.apple.locationd.Core:Core] {"msg":"removing client entry", "client":com.apple.locationd.bundle-/Applications/AdSheet.app}
2022-02-06 16:50:02.724500+0000 0x7415     Default     0x31e6               6024   0    locationd: [com.apple.locationd.Legacy:Generic_deprecated] #Warning Fence: failed to getAssociatedNetwork
2022-02-06 16:50:02.724603+0000 0x738b     Default     0x0                  180    0    recoveryos_agent: (SystemConfiguration) [com.apple.SystemConfiguration:SCPreferences] os_boot_mode_query failed
2022-02-06 16:50:02.724927+0000 0x738b     Default     0x0                  180    0    recoveryos_agent: (SystemConfiguration) [com.apple.SystemConfiguration:SCPreferences] os_boot_mode_query failed
2022-02-06 16:50:02.724980+0000 0x7417     Error       0x31e8               6024   0    locationd: [com.apple.locationd.Legacy:Generic_deprecated] Could not write data to disk /var/db/locationd/clients.plist, Error Domain=NSCocoaErrorDomain Code=4 "The folder clients.plist doesnt exist." UserInfo={NSURL=file:///var/db/locationd/clients.plist, NSUserStringVariant=Folder, NSUnderlyingError=0x600001d8db30 {Error Domain=NSPOSIXErrorDomain Code=2 "No such file or directory"}}
2022-02-06 16:50:02.725207+0000 0x738b     Default     0x0                  180    0    recoveryos_agent: (SystemConfiguration) [com.apple.SystemConfiguration:SCPreferences] os_boot_mode_query failed
2022-02-06 16:50:02.725203+0000 0x7417     Default     0x31e8               6024   0    locationd: [com.apple.locationd.Core:Core] {"msg":"removing client entry", "client":com.apple.locationd.bundle-/System/Library/Frameworks/Twitter.framework}
2022-02-06 16:50:02.725377+0000 0x738b     Default     0x0                  180    0    recoveryos_agent: (SystemConfiguration) [com.apple.SystemConfiguration:SCPreferences] os_boot_mode_query failed
2022-02-06 16:50:02.725406+0000 0x738b     Default     0x0                  180    0    recoveryos_agent: (SystemConfiguration) [com.apple.SystemConfiguration:SCPreferences] os_boot_mode_query failed
2022-02-06 16:50:02.725641+0000 0x7419     Default     0x31f8               6024   0    locationd: [com.apple.locationd.Utility:Database] {"msg":"createTableIfNecessary", "table":<private>, "specificToSerialNumber":1}
2022-02-06 16:50:02.725694+0000 0x7417     Error       0x31e8               6024   0    locationd: [com.apple.locationd.Legacy:Generic_deprecated] Could not write data to disk /var/db/locationd/clients.plist, Error Domain=NSCocoaErrorDomain Code=4 "The folder clients.plist doesnt exist." UserInfo={NSURL=file:///var/db/locationd/clients.plist, NSUserStringVariant=Folder, NSUnderlyingError=0x600001d86c10 {Error Domain=NSPOSIXErrorDomain Code=2 "No such file or directory"}}
2022-02-06 16:50:02.726027+0000 0x7417     Default     0x31e8               6024   0    locationd: [com.apple.locationd.Core:Core] {"msg":"removing client entry", "client":com.apple.locationd.bundle-/System/Library/Frameworks/Weibo.framework}
2022-02-06 16:50:02.726153+0000 0x939      Default     0x0                  180    0    recoveryos_agent: (SystemConfiguration) [com.apple.SystemConfiguration:SCPreferences] os_boot_mode_query failed
2022-02-06 16:50:02.726278+0000 0x939      Default     0x0                  180    0    recoveryos_agent: (SystemConfiguration) [com.apple.SystemConfiguration:SCPreferences] os_boot_mode_query failed
2022-02-06 16:50:02.726625+0000 0x7419     Default     0x31f8               6024   0    locationd: (LocationSupport) [com.apple.LocationSupport:Intersilo] {"msg":"#Manufacturing service complete", "EffectiveServiceName":CLGyroCalibrationDatabaseLocationd}
2022-02-06 16:50:02.726854+0000 0x738b     Default     0x0                  180    0    recoveryos_agent: (SystemConfiguration) [com.apple.SystemConfiguration:SCPreferences] os_boot_mode_query failed
2022-02-06 16:50:02.726883+0000 0x7417     Error       0x31e8               6024   0    locationd: [com.apple.locationd.Legacy:Generic_deprecated] Could not write data to disk /var/db/locationd/clients.plist, Error Domain=NSCocoaErrorDomain Code=4 "The folder clients.plist doesnt exist." UserInfo={NSURL=file:///var/db/locationd/clients.plist, NSUserStringVariant=Folder, NSUnderlyingError=0x600001d84e70 {Error Domain=NSPOSIXErrorDomain Code=2 "No such file or directory"}}
2022-02-06 16:50:02.726907+0000 0x738b     Default     0x0                  180    0    recoveryos_agent: (SystemConfiguration) [com.apple.SystemConfiguration:SCPreferences] os_boot_mode_query failed
2022-02-06 16:50:02.726998+0000 0x738b     Default     0x0                  180    0    recoveryos_agent: (SystemConfiguration) [com.apple.SystemConfiguration:SCPreferences] os_boot_mode_query failed
2022-02-06 16:50:02.727028+0000 0x738b     Default     0x0                  180    0    recoveryos_agent: (SystemConfiguration) [com.apple.SystemConfiguration:SCPreferences] os_boot_mode_query failed
2022-02-06 16:50:02.727289+0000 0x7415     Default     0x31e6               6024   0    locationd: [com.apple.locationd.Legacy:Generic_deprecated] #Warning setting FenceStartShowDialog to <private>
2022-02-06 16:50:02.727435+0000 0x7417     Default     0x31e8               6024   0    locationd: [com.apple.locationd.Core:Core] {"msg":"removing client entry", "client":com.apple.locationd.bundle-/System/Library/Frameworks/Facebook.framework}
2022-02-06 16:50:02.727478+0000 0x7415     Default     0x31e6               6024   0    locationd: (LocationSupport) [com.apple.LocationSupport:Intersilo] {"msg":"#Manufacturing service complete", "EffectiveServiceName":CLFenceManager}
2022-02-06 16:50:02.727720+0000 0x738b     Default     0x0                  180    0    recoveryos_agent: (SystemConfiguration) [com.apple.SystemConfiguration:SCPreferences] os_boot_mode_query failed
2022-02-06 16:50:02.727916+0000 0x7415     Activity    0x3204               6024   0    locationd: CL: CLFenceAuthorizationManager::onDataProtectionNotification
2022-02-06 16:50:02.728088+0000 0x7415     Activity    0x3205               6024   0    locationd: CL: CLFenceMonitorWifi::onStatusNotification
2022-02-06 16:50:02.728180+0000 0x7417     Error       0x31e8               6024   0    locationd: [com.apple.locationd.Legacy:Generic_deprecated] Could not write data to disk /var/db/locationd/clients.plist, Error Domain=NSCocoaErrorDomain Code=4 "The folder clients.plist doesnt exist." UserInfo={NSURL=file:///var/db/locationd/clients.plist, NSUserStringVariant=Folder, NSUnderlyingError=0x600001d81fe0 {Error Domain=NSPOSIXErrorDomain Code=2 "No such file or directory"}}
2022-02-06 16:50:02.728287+0000 0x7415     Activity    0x3206               6024   0    locationd: CL: CLFenceMonitorWifi::onWifiNotification
2022-02-06 16:50:02.728344+0000 0x7415     Activity    0x3207               6024   0    locationd: CL: CLFenceMonitorWifi::onWifiNotification
2022-02-06 16:50:02.728425+0000 0x7415     Activity    0x3208               6024   0    locationd: CL: CLFenceMonitor::onWifiNotification
2022-02-06 16:50:02.728405+0000 0x7417     Default     0x31e8               6024   0    locationd: [com.apple.locationd.Core:Core] {"msg":"removing client entry", "client":com.apple.locationd.bundle-/System/Library/SocialServices/Twitter.socialplugin}
2022-02-06 16:50:02.728513+0000 0x7415     Default     0x3208               6024   0    locationd: [com.apple.locationd.Position:GeneralCLX] WifiService, wifioff, 1, 0
2022-02-06 16:50:02.728673+0000 0x7415     Activity    0x3209               6024   0    locationd: CL: CLFenceDataDownloadManager::onStatusNotification
2022-02-06 16:50:02.728774+0000 0x7417     Error       0x31e8               6024   0    locationd: [com.apple.locationd.Legacy:Generic_deprecated] Could not write data to disk /var/db/locationd/clients.plist, Error Domain=NSCocoaErrorDomain Code=4 "The folder clients.plist doesnt exist." UserInfo={NSURL=file:///var/db/locationd/clients.plist, NSUserStringVariant=Folder, NSUnderlyingError=0x600001d92850 {Error Domain=NSPOSIXErrorDomain Code=2 "No such file or directory"}}
2022-02-06 16:50:02.728940+0000 0x7417     Default     0x31e8               6024   0    locationd: [com.apple.locationd.Core:Core] {"msg":"removing client entry", "client":com.apple.locationd.bundle-/System/Library/SocialServices/Weibo.socialplugin}
2022-02-06 16:50:02.729216+0000 0x7417     Error       0x31e8               6024   0    locationd: [com.apple.locationd.Legacy:Generic_deprecated] Could not write data to disk /var/db/locationd/clients.plist, Error Domain=NSCocoaErrorDomain Code=4 "The folder clients.plist doesnt exist." UserInfo={NSURL=file:///var/db/locationd/clients.plist, NSUserStringVariant=Folder, NSUnderlyingError=0x600001d82070 {Error Domain=NSPOSIXErrorDomain Code=2 "No such file or directory"}}
2022-02-06 16:50:02.729378+0000 0x7417     Default     0x31e8               6024   0    locationd: [com.apple.locationd.Core:Core] {"msg":"removing client entry", "client":com.apple.locationd.bundle-/System/Library/SocialServices/Facebook.socialplugin}
2022-02-06 16:50:02.729642+0000 0x7417     Error       0x31e8               6024   0    locationd: [com.apple.locationd.Legacy:Generic_deprecated] Could not write data to disk /var/db/locationd/clients.plist, Error Domain=NSCocoaErrorDomain Code=4 "The folder clients.plist doesnt exist." UserInfo={NSURL=file:///var/db/locationd/clients.plist, NSUserStringVariant=Folder, NSUnderlyingError=0x600001d82580 {Error Domain=NSPOSIXErrorDomain Code=2 "No such file or directory"}}
2022-02-06 16:50:02.729801+0000 0x7417     Default     0x31e8               6024   0    locationd: [com.apple.locationd.Core:Core] {"msg":"removing client entry", "client":com.apple.locationd.bundle-/System/Library/Frameworks/Social.framework/XPCServices/com.apple.twitter.xpc}
2022-02-06 16:50:02.730241+0000 0x7417     Error       0x31e8               6024   0    locationd: [com.apple.locationd.Legacy:Generic_deprecated] Could not write data to disk /var/db/locationd/clients.plist, Error Domain=NSCocoaErrorDomain Code=4 "The folder clients.plist doesnt exist." UserInfo={NSURL=file:///var/db/locationd/clients.plist, NSUserStringVariant=Folder, NSUnderlyingError=0x600001d822e0 {Error Domain=NSPOSIXErrorDomain Code=2 "No such file or directory"}}
2022-02-06 16:50:02.730416+0000 0x7417     Default     0x31e8               6024   0    locationd: [com.apple.locationd.Core:Core] {"msg":"removing client entry", "client":com.apple.locationd.bundle-/System/Library/Frameworks/Social.framework/XPCServices/com.apple.weibo.xpc}
2022-02-06 16:50:02.730744+0000 0x7417     Error       0x31e8               6024   0    locationd: [com.apple.locationd.Legacy:Generic_deprecated] Could not write data to disk /var/db/locationd/clients.plist, Error Domain=NSCocoaErrorDomain Code=4 "The folder clients.plist doesnt exist." UserInfo={NSURL=file:///var/db/locationd/clients.plist, NSUserStringVariant=Folder, NSUnderlyingError=0x600001d92130 {Error Domain=NSPOSIXErrorDomain Code=2 "No such file or directory"}}
2022-02-06 16:50:02.731024+0000 0x7417     Default     0x31e8               6024   0    locationd: [com.apple.locationd.Core:Core] {"msg":"removing client entry", "client":com.apple.locationd.bundle-/System/Library/Frameworks/Social.framework/XPCServices/com.apple.facebook.xpc}
2022-02-06 16:50:02.731329+0000 0x7417     Error       0x31e8               6024   0    locationd: [com.apple.locationd.Legacy:Generic_deprecated] Could not write data to disk /var/db/locationd/clients.plist, Error Domain=NSCocoaErrorDomain Code=4 "The folder clients.plist doesnt exist." UserInfo={NSURL=file:///var/db/locationd/clients.plist, NSUserStringVariant=Folder, NSUnderlyingError=0x600001d8d3b0 {Error Domain=NSPOSIXErrorDomain Code=2 "No such file or directory"}}
2022-02-06 16:50:02.731889+0000 0x7417     Default     0x31e8               6024   0    locationd: (LocationSupport) [com.apple.LocationSupport:Intersilo] {"msg":"#Manufacturing service complete", "EffectiveServiceName":CLClientManager}
2022-02-06 16:50:02.731962+0000 0x7415     Activity    0x320a               6024   0    locationd: CL: CLFilteredLocationController::onManagerNotification
2022-02-06 16:50:02.732064+0000 0x7412     Activity    0x320b               6024   0    locationd: CL: CLFenceAuthorizationManager::onClientNotification
2022-02-06 16:50:02.732010+0000 0x7415     Default     0x320a               6024   0    locationd: [com.apple.locationd.Legacy:Generic_deprecated] #Warning Location Services state changed, clearing local cache
2022-02-06 16:50:02.732031+0000 0x7416     Default     0x31e7               6024   0    locationd: [com.apple.locationd.Legacy:Generic_deprecated] #Notice Location icon should now be in state 'Inactive'
2022-02-06 16:50:02.732300+0000 0x7416     Default     0x31e7               6024   0    locationd: (LocationSupport) [com.apple.LocationSupport:Intersilo] {"msg":"#Manufacturing service complete", "EffectiveServiceName":CLStatusBarIconManager}
2022-02-06 16:50:02.732368+0000 0x7414     Activity    0x320c               6024   0    locationd: CL: CLLocationController::onClientNotification
2022-02-06 16:50:02.732405+0000 0x7414     Default     0x320c               6024   0    locationd: [com.apple.locationd.Position:Position] #Warning,Location Services state changed,clearing local cache
2022-02-06 16:50:02.732458+0000 0x7414     Default     0x320c               6024   0    locationd: [com.apple.locationd.Position:GeneralCLX] @ClxEvent, ToggleOff, 1, delta, -1.0
2022-02-06 16:50:02.732513+0000 0x7414     Default     0x320c               6024   0    locationd: [com.apple.locationd.Position:Position] #Warning,Clearing all location data from the controller
2022-02-06 16:50:02.732299+0000 0x7415     Default     0x31e8               6024   0    locationd: [com.apple.locationd.Core:Core] {"msg":"state transition", "event":state_transition, "state":ClientManager, "id":"0x12e905710", "property":locationRestricted, "old":0, "new":0}
2022-02-06 16:50:02.732735+0000 0x7414     Activity    0x320d               6024   0    locationd: CL: CLWifiLocationProvider::onClientNotification
2022-02-06 16:50:02.732749+0000 0x7412     Activity    0x320e               6024   0    locationd: CL: CLNetworkLocationProvider::onManagerNotification
2022-02-06 16:50:02.732764+0000 0x7415     Activity    0x320f               6024   0    locationd: CL: CLClientManager::onWifiServiceNotification
2022-02-06 16:50:02.732773+0000 0x7414     Default     0x320d               6024   0    locationd: [com.apple.locationd.Position:GeneralCLX] WifiLoc, kNotificationLocationServicesStatus, 0, client, 0
2022-02-06 16:50:02.732801+0000 0x7412     Default     0x320e               6024   0    locationd: [com.apple.locationd.Position:GeneralCLX] Network, kNotificationLocationServicesStatus, 0
2022-02-06 16:50:02.732842+0000 0x7415     Activity    0x3210               6024   0    locationd: CL: CLFenceDataDownloadManager::onManagerNotification
2022-02-06 16:50:02.732814+0000 0x7417     Default     0x31fa               6024   0    locationd: [com.apple.locationd.Core:Routine] Location services are disabled; stopping routine data collection
2022-02-06 16:50:02.733086+0000 0x7412     Error       0x320e               6024   0    locationd: (libsqlite3.dylib) [com.apple.libsqlite3:logging] volume does not support data protection, stripping SQLITE_OPEN_FILEPROTECTION_* flags
2022-02-06 16:50:02.733290+0000 0x7412     Default     0x320e               6024   0    locationd: [com.apple.locationd.Utility:Database] {"msg":"openDatabase", "rc":'00 00 00 00', "path":/var/folders/zz/zyxvpxvq6csfxvn_n00000sm00006d/C/locationd/cache_encryptedB.db}
2022-02-06 16:50:02.733391+0000 0x7412     Error       0x320e               6024   0    locationd: (libsqlite3.dylib) [com.apple.libsqlite3:logging] volume does not support data protection, stripping SQLITE_OPEN_FILEPROTECTION_* flags
2022-02-06 16:50:02.734251+0000 0x7412     Default     0x320e               6024   0    locationd: [com.apple.locationd.Utility:Database] {"msg":"setIncrementalVacuumEnabled", "enabled":1, "rc":'00 00 00 00'}
2022-02-06 16:50:02.734971+0000 0x7412     Default     0x320e               6024   0    locationd: [com.apple.locationd.Utility:Database] {"msg":"createTableIfNecessary", "table":<private>, "specificToSerialNumber":0}
2022-02-06 16:50:02.735343+0000 0x7412     Default     0x320e               6024   0    locationd: [com.apple.locationd.Utility:Database] {"msg":"initUUID", "path":/var/folders/zz/zyxvpxvq6csfxvn_n00000sm00006d/C/locationd/cache_encryptedB.db, "uuid":<private>}
2022-02-06 16:50:02.735454+0000 0x7412     Default     0x320e               6024   0    locationd: [com.apple.locationd.Utility:Database] {"msg":"createTableIfNecessary", "table":<private>, "specificToSerialNumber":0}
2022-02-06 16:50:02.735997+0000 0x7412     Default     0x320e               6024   0    locationd: [com.apple.locationd.Utility:Database] {"msg":"reduceFreePages", "path":/var/folders/zz/zyxvpxvq6csfxvn_n00000sm00006d/C/locationd/cache_encryptedB.db, "page_count":10, "freelist_count":0, "loadFactor":"1.000000"}
2022-02-06 16:50:02.736049+0000 0x7412     Default     0x320e               6024   0    locationd: [com.apple.locationd.Utility:Database] {"msg":"reduceFreePages", "event":elapsed, "begin_mach":324134310802, "end_mach":324134313670, "elapsed_s":"0.000119500"}
2022-02-06 16:50:02.736311+0000 0x7412     Error       0x320e               6024   0    locationd: (libsqlite3.dylib) [com.apple.libsqlite3:logging] volume does not support data protection, stripping SQLITE_OPEN_FILEPROTECTION_* flags
2022-02-06 16:50:02.736502+0000 0x7412     Default     0x320e               6024   0    locationd: [com.apple.locationd.Utility:Database] {"msg":"openDatabase", "rc":'00 00 00 00', "path":/var/folders/zz/zyxvpxvq6csfxvn_n00000sm00006d/C/locationd/lockCache_encryptedB.db}
2022-02-06 16:50:02.736608+0000 0x7412     Error       0x320e               6024   0    locationd: (libsqlite3.dylib) [com.apple.libsqlite3:logging] volume does not support data protection, stripping SQLITE_OPEN_FILEPROTECTION_* flags
2022-02-06 16:50:02.737130+0000 0x7412     Default     0x320e               6024   0    locationd: [com.apple.locationd.Utility:Database] {"msg":"setIncrementalVacuumEnabled", "enabled":1, "rc":'00 00 00 00'}
2022-02-06 16:50:02.737844+0000 0x7412     Default     0x320e               6024   0    locationd: [com.apple.locationd.Utility:Database] {"msg":"createTableIfNecessary", "table":<private>, "specificToSerialNumber":0}
2022-02-06 16:50:02.738208+0000 0x7412     Default     0x320e               6024   0    locationd: [com.apple.locationd.Utility:Database] {"msg":"initUUID", "path":/var/folders/zz/zyxvpxvq6csfxvn_n00000sm00006d/C/locationd/lockCache_encryptedB.db, "uuid":<private>}
2022-02-06 16:50:02.738313+0000 0x7412     Default     0x320e               6024   0    locationd: [com.apple.locationd.Utility:Database] {"msg":"createTableIfNecessary", "table":<private>, "specificToSerialNumber":0}
2022-02-06 16:50:02.738796+0000 0x7412     Default     0x320e               6024   0    locationd: [com.apple.locationd.Utility:Database] {"msg":"reduceFreePages", "path":/var/folders/zz/zyxvpxvq6csfxvn_n00000sm00006d/C/locationd/lockCache_encryptedB.db, "page_count":10, "freelist_count":0, "loadFactor":"1.000000"}
2022-02-06 16:50:02.738848+0000 0x7412     Default     0x320e               6024   0    locationd: [com.apple.locationd.Utility:Database] {"msg":"reduceFreePages", "event":elapsed, "begin_mach":324134378005, "end_mach":324134380846, "elapsed_s":"0.000118375"}
2022-02-06 16:50:02.738978+0000 0x7412     Default     0x320e               6024   0    locationd: [com.apple.locationd.Utility:Database] {"msg":"Destroying database", "path":/var/folders/zz/zyxvpxvq6csfxvn_n00000sm00006d/C/locationd/lockCache_encryptedB.db}
